Archive member included to satisfy reference by file (symbol)

../../lib/usb/libusb.a(usbkeyboard.o)
                              kernel.o (CUSBKeyboardDevice::RegisterKeyPressedHandler(void (*)(char const*)))
../../lib/usb/libusb.a(xhcidevice.o)
                              kernel.o (CXHCIDevice::CXHCIDevice(CInterruptSystem*, CTimer*))
../../lib/usb/libusb.a(xhciendpoint.o)
                              ../../lib/usb/libusb.a(xhcidevice.o) (CXHCIEndpoint::TransferAsync(CUSBRequest*, unsigned int))
../../lib/usb/libusb.a(xhcieventmanager.o)
                              ../../lib/usb/libusb.a(xhcidevice.o) (CXHCIEventManager::CXHCIEventManager(CXHCIDevice*))
../../lib/usb/libusb.a(xhcimmiospace.o)
                              ../../lib/usb/libusb.a(xhcidevice.o) (CXHCIMMIOSpace::CXHCIMMIOSpace(unsigned long))
../../lib/usb/libusb.a(xhciring.o)
                              ../../lib/usb/libusb.a(xhciendpoint.o) (CXHCIRing::CXHCIRing(TXHCIRingType, unsigned int, CXHCIDevice*))
../../lib/usb/libusb.a(xhciroothub.o)
                              ../../lib/usb/libusb.a(xhcidevice.o) (CXHCIRootHub::CXHCIRootHub(unsigned int, CXHCIDevice*))
../../lib/usb/libusb.a(xhcirootport.o)
                              ../../lib/usb/libusb.a(xhciroothub.o) (CXHCIRootPort::CXHCIRootPort(unsigned char, CXHCIDevice*))
../../lib/usb/libusb.a(xhcisharedmemallocator.o)
                              ../../lib/usb/libusb.a(xhcidevice.o) (CXHCISharedMemAllocator::CXHCISharedMemAllocator(unsigned long, unsigned long))
../../lib/usb/libusb.a(xhcislotmanager.o)
                              ../../lib/usb/libusb.a(xhcidevice.o) (CXHCISlotManager::CXHCISlotManager(CXHCIDevice*))
../../lib/usb/libusb.a(xhciusbdevice.o)
                              ../../lib/usb/libusb.a(xhcirootport.o) (CXHCIUSBDevice::CXHCIUSBDevice(CXHCIDevice*, TUSBSpeed, CXHCIRootPort*))
../../lib/usb/libusb.a(usbdevice.o)
                              ../../lib/usb/libusb.a(xhciusbdevice.o) (CUSBDevice::CUSBDevice(CUSBHostController*, TUSBSpeed, CUSBHCIRootPort*))
../../lib/usb/libusb.a(usbdevicefactory.o)
                              ../../lib/usb/libusb.a(usbdevice.o) (CUSBDeviceFactory::GetDevice(CUSBFunction*, CString*))
../../lib/usb/libusb.a(usbendpoint.o)
                              ../../lib/usb/libusb.a(usbdevice.o) (CUSBEndpoint::CUSBEndpoint(CUSBDevice*))
../../lib/usb/libusb.a(usbfunction.o)
                              ../../lib/usb/libusb.a(usbkeyboard.o) (CUSBFunction::Initialize())
../../lib/usb/libusb.a(usbgamepadps3.o)
                              ../../lib/usb/libusb.a(usbdevicefactory.o) (CUSBGamePadPS3Device::CUSBGamePadPS3Device(CUSBFunction*))
../../lib/usb/libusb.a(usbgamepadps4.o)
                              ../../lib/usb/libusb.a(usbdevicefactory.o) (CUSBGamePadPS4Device::CUSBGamePadPS4Device(CUSBFunction*))
../../lib/usb/libusb.a(usbgamepadstandard.o)
                              ../../lib/usb/libusb.a(usbgamepadps3.o) (CUSBGamePadStandardDevice::~CUSBGamePadStandardDevice())
../../lib/usb/libusb.a(usbgamepadswitchpro.o)
                              ../../lib/usb/libusb.a(usbdevicefactory.o) (CUSBGamePadSwitchProDevice::CUSBGamePadSwitchProDevice(CUSBFunction*))
../../lib/usb/libusb.a(usbgamepadxbox360.o)
                              ../../lib/usb/libusb.a(usbdevicefactory.o) (CUSBGamePadXbox360Device::CUSBGamePadXbox360Device(CUSBFunction*))
../../lib/usb/libusb.a(usbgamepadxboxone.o)
                              ../../lib/usb/libusb.a(usbdevicefactory.o) (CUSBGamePadXboxOneDevice::CUSBGamePadXboxOneDevice(CUSBFunction*))
../../lib/usb/libusb.a(usbhiddevice.o)
                              ../../lib/usb/libusb.a(usbkeyboard.o) (CUSBHIDDevice::CUSBHIDDevice(CUSBFunction*, unsigned int))
../../lib/usb/libusb.a(usbhostcontroller.o)
                              ../../lib/usb/libusb.a(xhcidevice.o) (CUSBHostController::CUSBHostController())
../../lib/usb/libusb.a(usbmassdevice.o)
                              ../../lib/usb/libusb.a(usbdevicefactory.o) (CUSBBulkOnlyMassStorageDevice::CUSBBulkOnlyMassStorageDevice(CUSBFunction*))
../../lib/usb/libusb.a(usbmidi.o)
                              ../../lib/usb/libusb.a(usbdevicefactory.o) (CUSBMIDIDevice::CUSBMIDIDevice(CUSBFunction*))
../../lib/usb/libusb.a(usbmouse.o)
                              ../../lib/usb/libusb.a(usbdevicefactory.o) (CUSBMouseDevice::CUSBMouseDevice(CUSBFunction*))
../../lib/usb/libusb.a(usbprinter.o)
                              ../../lib/usb/libusb.a(usbdevicefactory.o) (CUSBPrinterDevice::CUSBPrinterDevice(CUSBFunction*))
../../lib/usb/libusb.a(usbrequest.o)
                              ../../lib/usb/libusb.a(usbhiddevice.o) (CUSBRequest::CUSBRequest(CUSBEndpoint*, void*, unsigned int, TSetupData*))
../../lib/usb/libusb.a(usbstandardhub.o)
                              ../../lib/usb/libusb.a(usbdevicefactory.o) (CUSBStandardHub::CUSBStandardHub(CUSBFunction*))
../../lib/usb/libusb.a(xhcicommandmanager.o)
[...]
Memory Configuration

Name             Origin             Length             Attributes
*default*        0x0000000000000000 0xffffffffffffffff

Linker script and memory map

Address of section .init set to 0x80000

.init           0x0000000000080000       0xa8
 *(.init)
 .init          0x0000000000080000       0xa8 ../../lib/libcircle.a(startup64.o)
                0x0000000000080000                _start

.text           0x0000000000080800    0x2bff4
 *(.text*)
 .text          0x0000000000080800        0x0 main.o
 .text.startup  0x0000000000080800       0x40 main.o
                0x0000000000080800                main
 .text          0x0000000000080840      0xec0 kernel.o
                0x0000000000080840                CKernel::CKernel()
                0x0000000000080840                CKernel::CKernel()
                0x0000000000080970                CKernel::~CKernel()
                0x0000000000080970                CKernel::~CKernel()
                0x0000000000080a10                CKernel::Initialize()
                0x0000000000080af0                CKernel::Run()
                0x0000000000080ec0                CKernel::KeyPressedHandler(char const*)
                0x0000000000080f20                CKernel::ShutdownHandler()
                0x0000000000080f60                CKernel::KeyStatusHandlerRaw(unsigned char, unsigned char const*)
                0x0000000000081070                CKernel::displayUserWithDirectory()
                0x00000000000810e0                CKernel::CommandLineIn(char const*)
                0x00000000000811c0                CKernel::splitCommandLine(char const*)
                0x0000000000081490                CKernel::CommandMatch(char const*)
                0x0000000000081650                CKernel::getCurrentUserName()
                0x0000000000081660                CKernel::CommandParameter(char const*)
 .text          0x0000000000081700      0x4a0 ../../lib/usb/libusb.a(usbkeyboard.o)
                0x0000000000081700                CUSBKeyboardDevice::~CUSBKeyboardDevice()
                0x0000000000081700                CUSBKeyboardDevice::~CUSBKeyboardDevice()
                0x0000000000081750                CUSBKeyboardDevice::~CUSBKeyboardDevice()
                0x0000000000081780                CUSBKeyboardDevice::ReportHandler(unsigned char const*, unsigned int)
                0x0000000000081910                CUSBKeyboardDevice::CUSBKeyboardDevice(CUSBFunction*)
                0x0000000000081910                CUSBKeyboardDevice::CUSBKeyboardDevice(CUSBFunction*)
                0x0000000000081960                CUSBKeyboardDevice::RegisterKeyPressedHandler(void (*)(char const*))
                0x0000000000081970                CUSBKeyboardDevice::RegisterSelectConsoleHandler(void (*)(unsigned int))
                0x0000000000081980                CUSBKeyboardDevice::RegisterShutdownHandler(void (*)())
                0x0000000000081990                CUSBKeyboardDevice::GetLEDStatus() const
                0x00000000000819b0                CUSBKeyboardDevice::RegisterKeyStatusHandlerRaw(void (*)(unsigned char, unsigned char const*))
                0x00000000000819e0                CUSBKeyboardDevice::SetLEDs(unsigned char)
                0x0000000000081a50                CUSBKeyboardDevice::Configure()
                0x0000000000081af0                CUSBKeyboardDevice::UpdateLEDs()
                0x0000000000081b70                CUSBKeyboardDevice::FindByte(unsigned char const*, unsigned char, unsigned int)
 .text._ZNK12CUSBFunction10GetHubInfoEv
                0x0000000000081ba0        0x8 ../../lib/usb/libusb.a(usbkeyboard.o)
                0x0000000000081ba0                CUSBFunction::GetHubInfo() const
 *fill*         0x0000000000081ba8        0x8 
 .text          0x0000000000081bb0      0xa44 ../../lib/usb/libusb.a(xhcidevice.o)
                0x0000000000081bb0                CXHCIDevice::CXHCIDevice(CInterruptSystem*, CTimer*)
                0x0000000000081bb0                CXHCIDevice::CXHCIDevice(CInterruptSystem*, CTimer*)
                0x0000000000081c30                CXHCIDevice::~CXHCIDevice()
                0x0000000000081c30                CXHCIDevice::~CXHCIDevice()
                0x0000000000081d30                CXHCIDevice::~CXHCIDevice()
                0x0000000000081d60                CXHCIDevice::Initialize()
                0x0000000000082120                CXHCIDevice::ReScanDevices()
                0x0000000000082150                CXHCIDevice::SubmitBlockingRequest(CUSBRequest*, unsigned int)
                0x00000000000821d0                CXHCIDevice::SubmitAsyncRequest(CUSBRequest*, unsigned int)
                0x0000000000082250                CXHCIDevice::GetMMIOSpace()
                0x0000000000082280                CXHCIDevice::GetSlotManager()
                0x00000000000822b0                CXHCIDevice::GetCommandManager()
                0x00000000000822e0                CXHCIDevice::GetRootHub()
                0x0000000000082310                CXHCIDevice::AllocateSharedMem(unsigned long, unsigned long, unsigned long)
                0x0000000000082380                CXHCIDevice::FreeSharedMem(void*)
                0x0000000000082390                CXHCIDevice::InterruptHandler(unsigned int)
                0x0000000000082450                CXHCIDevice::InterruptStub(unsigned int, void*)
                0x0000000000082490                CXHCIDevice::HWReset()
                0x0000000000082570                CXHCIDevice::DumpStatus()
 *fill*         0x00000000000825f4        0xc 
 .text          0x0000000000082600     0x1024 ../../lib/usb/libusb.a(xhciendpoint.o)
                0x0000000000082600                CXHCIEndpoint::CompletionRoutine(CUSBRequest*, void*, void*)
                0x0000000000082660                CXHCIEndpoint::CXHCIEndpoint(CXHCIUSBDevice*, CXHCIDevice*)
                0x0000000000082660                CXHCIEndpoint::CXHCIEndpoint(CXHCIUSBDevice*, CXHCIDevice*)
                0x0000000000082700                CXHCIEndpoint::~CXHCIEndpoint()
                0x0000000000082700                CXHCIEndpoint::~CXHCIEndpoint()
                0x0000000000082790                CXHCIEndpoint::IsValid()
                0x00000000000827a0                CXHCIEndpoint::GetTransferRing()
                0x00000000000827d0                CXHCIEndpoint::TransferEvent(unsigned char, unsigned int)
                0x0000000000082900                CXHCIEndpoint::DumpStatus()
                0x00000000000829c0                CXHCIEndpoint::EnqueueTRB(unsigned int, unsigned int, unsigned int, unsigned int)
                0x0000000000082a50                CXHCIEndpoint::TransferAsync(CUSBRequest*, unsigned int)
                0x0000000000082dc0                CXHCIEndpoint::Transfer(CUSBRequest*, unsigned int)
                0x0000000000082f10                CXHCIEndpoint::GetInputContextSetMaxPacketSize()
                0x0000000000082fd0                CXHCIEndpoint::GetInputContextConfigureEndpoint()
                0x0000000000083180                CXHCIEndpoint::FreeInputContext()
                0x00000000000831d0                CXHCIEndpoint::SetMaxPacketSize(unsigned int)
                0x0000000000083310                CXHCIEndpoint::CXHCIEndpoint(CXHCIUSBDevice*, TUSBEndpointDescriptor const*, CXHCIDevice*)
                0x0000000000083310                CXHCIEndpoint::CXHCIEndpoint(CXHCIUSBDevice*, TUSBEndpointDescriptor const*, CXHCIDevice*)
                0x00000000000835c0                CXHCIEndpoint::ConvertInterval(unsigned char, TUSBSpeed)
 *fill*         0x0000000000083624        0xc 
 .text          0x0000000000083630      0x410 ../../lib/usb/libusb.a(xhcieventmanager.o)
                0x0000000000083630                CXHCIEventManager::CXHCIEventManager(CXHCIDevice*)
                0x0000000000083630                CXHCIEventManager::CXHCIEventManager(CXHCIDevice*)
                0x00000000000837b0                CXHCIEventManager::~CXHCIEventManager()
                0x00000000000837b0                CXHCIEventManager::~CXHCIEventManager()
                0x0000000000083850                CXHCIEventManager::IsValid()
                0x0000000000083890                CXHCIEventManager::HandleEvents()
                0x0000000000083a30                CXHCIEventManager::DumpStatus()
 .text          0x0000000000083a40      0x4d0 ../../lib/usb/libusb.a(xhcimmiospace.o)
                0x0000000000083a40                CXHCIMMIOSpace::CXHCIMMIOSpace(unsigned long)
                0x0000000000083a40                CXHCIMMIOSpace::CXHCIMMIOSpace(unsigned long)
                0x0000000000083ad0                CXHCIMMIOSpace::~CXHCIMMIOSpace()
                0x0000000000083ad0                CXHCIMMIOSpace::~CXHCIMMIOSpace()
                0x0000000000083ae0                CXHCIMMIOSpace::cap_read32(unsigned int)
                0x0000000000083b40                CXHCIMMIOSpace::op_read32(unsigned int)
                0x0000000000083b80                CXHCIMMIOSpace::pt_read32(unsigned int, unsigned int)
                0x0000000000083bc0                CXHCIMMIOSpace::rt_read32(unsigned int, unsigned int)
                0x0000000000083c10                CXHCIMMIOSpace::op_write32(unsigned int, unsigned int)
                0x0000000000083c50                CXHCIMMIOSpace::db_write32(unsigned int, unsigned int)
                0x0000000000083c90                CXHCIMMIOSpace::pt_write32(unsigned int, unsigned int, unsigned int)
                0x0000000000083cd0                CXHCIMMIOSpace::rt_write32(unsigned int, unsigned int, unsigned int)
                0x0000000000083d20                CXHCIMMIOSpace::op_write64(unsigned int, unsigned long)
                0x0000000000083d60                CXHCIMMIOSpace::rt_write64(unsigned int, unsigned int, unsigned long)
                0x0000000000083db0                CXHCIMMIOSpace::op_wait32(unsigned int, unsigned int, unsigned int, unsigned int)
                0x0000000000083e60                CXHCIMMIOSpace::DumpStatus()
                0x0000000000083ee0                CXHCIMMIOSpace::cap_read32_raw(unsigned int)
 .text          0x0000000000083f10      0x4f4 ../../lib/usb/libusb.a(xhciring.o)
                0x0000000000083f10                CXHCIRing::CXHCIRing(TXHCIRingType, unsigned int, CXHCIDevice*)
                0x0000000000083f10                CXHCIRing::CXHCIRing(TXHCIRingType, unsigned int, CXHCIDevice*)
                0x0000000000083fe0                CXHCIRing::~CXHCIRing()
                0x0000000000083fe0                CXHCIRing::~CXHCIRing()
                0x0000000000084000                CXHCIRing::IsValid() const
                0x0000000000084010                CXHCIRing::GetTRBCount() const
                0x0000000000084040                CXHCIRing::GetFirstTRB()
                0x0000000000084070                CXHCIRing::GetDequeueTRB()
                0x00000000000840f0                CXHCIRing::GetEnqueueTRB()
                0x0000000000084170                CXHCIRing::IncrementDequeue()
                0x0000000000084250                CXHCIRing::IncrementEnqueue()
                0x0000000000084340                CXHCIRing::GetCycleState() const
                0x0000000000084370                CXHCIRing::DumpStatus(char const*)
 *fill*         0x0000000000084404        0xc 
 .text          0x0000000000084410      0x2e8 ../../lib/usb/libusb.a(xhciroothub.o)
                0x0000000000084410                CXHCIRootHub::CXHCIRootHub(unsigned int, CXHCIDevice*)
                0x0000000000084410                CXHCIRootHub::CXHCIRootHub(unsigned int, CXHCIDevice*)
                0x0000000000084480                CXHCIRootHub::~CXHCIRootHub()
                0x0000000000084480                CXHCIRootHub::~CXHCIRootHub()
                0x00000000000844e0                CXHCIRootHub::Initialize()
                0x00000000000845c0                CXHCIRootHub::ReScanDevices()
                0x0000000000084650                CXHCIRootHub::StatusChanged(unsigned char)
                0x00000000000846b0                CXHCIRootHub::DumpStatus()
 *fill*         0x00000000000846f8        0x8 
 .text          0x0000000000084700      0x93c ../../lib/usb/libusb.a(xhcirootport.o)
                0x0000000000084700                CXHCIRootPort::~CXHCIRootPort()
                0x0000000000084700                CXHCIRootPort::~CXHCIRootPort()
                0x0000000000084730                CXHCIRootPort::~CXHCIRootPort()
                0x0000000000084780                CXHCIRootPort::RemoveDevice()
                0x0000000000084850                CXHCIRootPort::GetPortID() const
                0x0000000000084890                CXHCIRootPort::CXHCIRootPort(unsigned char, CXHCIDevice*)
                0x0000000000084890                CXHCIRootPort::CXHCIRootPort(unsigned char, CXHCIDevice*)
                0x0000000000084900                CXHCIRootPort::GetPortSpeed()
                0x0000000000084990                CXHCIRootPort::StatusChanged()
                0x0000000000084a40                CXHCIRootPort::DumpStatus()
                0x0000000000084ae0                CXHCIRootPort::IsConnected()
                0x0000000000084b50                CXHCIRootPort::Reset(unsigned int)
                0x0000000000084c20                CXHCIRootPort::WaitForU0State(unsigned int)
                0x0000000000084c90                CXHCIRootPort::PowerOffOnOverCurrent()
                0x0000000000084d60                CXHCIRootPort::Configure()
                0x0000000000084e60                CXHCIRootPort::Initialize()
                0x0000000000084ff0                CXHCIRootPort::ReScanDevices()
 *fill*         0x000000000008503c        0x4 
 .text          0x0000000000085040      0x380 ../../lib/usb/libusb.a(xhcisharedmemallocator.o)
                0x0000000000085040                CXHCISharedMemAllocator::CXHCISharedMemAllocator(unsigned long, unsigned long)
                0x0000000000085040                CXHCISharedMemAllocator::CXHCISharedMemAllocator(unsigned long, unsigned long)
                0x00000000000850a0                CXHCISharedMemAllocator::~CXHCISharedMemAllocator()
                0x00000000000850a0                CXHCISharedMemAllocator::~CXHCISharedMemAllocator()
                0x00000000000850b0                CXHCISharedMemAllocator::GetFreeSpace() const
                0x00000000000850c0                CXHCISharedMemAllocator::Allocate(unsigned long, unsigned long, unsigned long)
                0x0000000000085300                CXHCISharedMemAllocator::Free(void*)
 .text          0x00000000000853c0      0x304 ../../lib/usb/libusb.a(xhcislotmanager.o)
                0x00000000000853c0                CXHCISlotManager::CXHCISlotManager(CXHCIDevice*)
                0x00000000000853c0                CXHCISlotManager::CXHCISlotManager(CXHCIDevice*)
                0x0000000000085460                CXHCISlotManager::~CXHCISlotManager()
                0x0000000000085460                CXHCISlotManager::~CXHCISlotManager()
                0x0000000000085490                CXHCISlotManager::IsValid()
                0x00000000000854a0                CXHCISlotManager::AssignDevice(unsigned char, CXHCIUSBDevice*)
                0x00000000000855a0                CXHCISlotManager::FreeSlot(unsigned char)
                0x0000000000085610                CXHCISlotManager::AssignScratchpadBufferArray(unsigned long*)
                0x0000000000085640                CXHCISlotManager::TransferEvent(unsigned char, unsigned int, unsigned char, unsigned char)
                0x00000000000856b0                CXHCISlotManager::DumpStatus()
 *fill*         0x00000000000856c4        0xc 
 .text          0x00000000000856d0      0xa40 ../../lib/usb/libusb.a(xhciusbdevice.o)
                0x00000000000856d0                CXHCIUSBDevice::~CXHCIUSBDevice()
                0x00000000000856d0                CXHCIUSBDevice::~CXHCIUSBDevice()
                0x00000000000857d0                CXHCIUSBDevice::~CXHCIUSBDevice()
                0x0000000000085800                CXHCIUSBDevice::CXHCIUSBDevice(CXHCIDevice*, TUSBSpeed, CXHCIRootPort*)
                0x0000000000085800                CXHCIUSBDevice::CXHCIUSBDevice(CXHCIDevice*, TUSBSpeed, CXHCIRootPort*)
                0x0000000000085880                CXHCIUSBDevice::CXHCIUSBDevice(CXHCIDevice*, TUSBSpeed, CUSBStandardHub*, unsigned int)
                0x0000000000085880                CXHCIUSBDevice::CXHCIUSBDevice(CXHCIDevice*, TUSBSpeed, CUSBStandardHub*, unsigned int)
                0x0000000000085910                CXHCIUSBDevice::GetSlotID() const
                0x0000000000085950                CXHCIUSBDevice::GetDeviceContext()
                0x0000000000085980                CXHCIUSBDevice::RegisterEndpoint(unsigned char, CXHCIEndpoint*)
                0x00000000000859e0                CXHCIUSBDevice::TransferEvent(unsigned char, unsigned int, unsigned char)
                0x0000000000085a50                CXHCIUSBDevice::DumpStatus()
                0x0000000000085ab0                CXHCIUSBDevice::GetInputContextAddressDevice()
                0x0000000000085d40                CXHCIUSBDevice::GetInputContextEnableHubFunction()
                0x0000000000085e90                CXHCIUSBDevice::FreeInputContext()
                0x0000000000085ee0                CXHCIUSBDevice::EnableHubFunction()
                0x0000000000085f80                CXHCIUSBDevice::Initialize()
 .text          0x0000000000086110     0x119c ../../lib/usb/libusb.a(usbdevice.o)
                0x0000000000086110                CUSBDevice::CUSBDevice(CUSBHostController*, TUSBSpeed, CUSBHCIRootPort*)
                0x0000000000086110                CUSBDevice::CUSBDevice(CUSBHostController*, TUSBSpeed, CUSBHCIRootPort*)
                0x0000000000086200                CUSBDevice::~CUSBDevice()
                0x0000000000086200                CUSBDevice::~CUSBDevice()
                0x00000000000862d0                CUSBDevice::~CUSBDevice()
                0x0000000000086300                CUSBDevice::ReScanDevices()
                0x0000000000086360                CUSBDevice::RemoveDevice()
                0x00000000000863b0                CUSBDevice::GetName(TDeviceNameSelector) const
                0x00000000000864d0                CUSBDevice::GetNames() const
                0x00000000000865f0                CUSBDevice::SetAddress(unsigned char)
                0x0000000000086630                CUSBDevice::GetAddress() const
                0x0000000000086640                CUSBDevice::GetSpeed() const
                0x0000000000086650                CUSBDevice::IsSplit() const
                0x0000000000086660                CUSBDevice::GetHubAddress() const
                0x0000000000086670                CUSBDevice::GetHubPortNumber() const
                0x0000000000086680                CUSBDevice::GetTTHubDevice() const
                0x0000000000086690                CUSBDevice::GetEndpoint0() const
                0x00000000000866c0                CUSBDevice::GetHost() const
                0x00000000000866f0                CUSBDevice::GetDeviceDescriptor() const
                0x0000000000086720                CUSBDevice::GetConfigurationDescriptor() const
                0x0000000000086750                CUSBDevice::GetDescriptor(unsigned char)
                0x0000000000086780                CUSBDevice::ConfigurationError(char const*) const
                0x00000000000867b0                CUSBDevice::AppendPortToRouteString(unsigned int, unsigned int)
                0x0000000000086810                CUSBDevice::CUSBDevice(CUSBHostController*, TUSBSpeed, CUSBStandardHub*, unsigned int)
                0x0000000000086810                CUSBDevice::CUSBDevice(CUSBHostController*, TUSBSpeed, CUSBStandardHub*, unsigned int)
                0x0000000000086990                CUSBDevice::LogWrite(TLogSeverity, char const*, ...)
                0x0000000000086af0                CUSBDevice::Initialize()
                0x00000000000871a0                CUSBDevice::Configure()
 *fill*         0x00000000000872ac        0x4 
 .text          0x00000000000872b0      0x460 ../../lib/usb/libusb.a(usbdevicefactory.o)
                0x00000000000872b0                CUSBDeviceFactory::GetDevice(CUSBFunction*, CString*)
 .text          0x0000000000087710      0x2ec ../../lib/usb/libusb.a(usbendpoint.o)
                0x0000000000087710                CUSBEndpoint::CUSBEndpoint(CUSBDevice*)
                0x0000000000087710                CUSBEndpoint::CUSBEndpoint(CUSBDevice*)
                0x0000000000087790                CUSBEndpoint::CUSBEndpoint(CUSBDevice*, TUSBEndpointDescriptor const*)
                0x0000000000087790                CUSBEndpoint::CUSBEndpoint(CUSBDevice*, TUSBEndpointDescriptor const*)
                0x00000000000878d0                CUSBEndpoint::~CUSBEndpoint()
                0x00000000000878d0                CUSBEndpoint::~CUSBEndpoint()
                0x0000000000087910                CUSBEndpoint::GetDevice() const
                0x0000000000087940                CUSBEndpoint::GetNumber() const
                0x0000000000087950                CUSBEndpoint::GetType() const
                0x0000000000087960                CUSBEndpoint::IsDirectionIn() const
                0x0000000000087970                CUSBEndpoint::SetMaxPacketSize(unsigned int)
                0x00000000000879b0                CUSBEndpoint::GetMaxPacketSize() const
                0x00000000000879c0                CUSBEndpoint::ResetPID()
                0x00000000000879d0                CUSBEndpoint::GetXHCIEndpoint()
 *fill*         0x00000000000879fc        0x4 
 .text          0x0000000000087a00      0x6c0 ../../lib/usb/libusb.a(usbfunction.o)
                0x0000000000087a00                CUSBFunction::Initialize()
                0x0000000000087a10                CUSBFunction::ReScanDevices()
                0x0000000000087a20                CUSBFunction::~CUSBFunction()
                0x0000000000087a20                CUSBFunction::~CUSBFunction()
                0x0000000000087a70                CUSBFunction::~CUSBFunction()
                0x0000000000087aa0                CUSBFunction::RemoveDevice()
                0x0000000000087ad0                CUSBFunction::Configure()
                0x0000000000087bc0                CUSBFunction::CUSBFunction(CUSBDevice*, CUSBConfigurationParser*)
                0x0000000000087bc0                CUSBFunction::CUSBFunction(CUSBDevice*, CUSBConfigurationParser*)
                0x0000000000087c80                CUSBFunction::CUSBFunction(CUSBFunction*)
                0x0000000000087c80                CUSBFunction::CUSBFunction(CUSBFunction*)
                0x0000000000087d60                CUSBFunction::GetInterfaceName() const
                0x0000000000087de0                CUSBFunction::GetNumEndpoints() const
                0x0000000000087e10                CUSBFunction::GetDevice() const
                0x0000000000087e40                CUSBFunction::GetEndpoint0() const
                0x0000000000087e70                CUSBFunction::GetHost() const
                0x0000000000087ea0                CUSBFunction::GetDescriptor(unsigned char)
                0x0000000000087ed0                CUSBFunction::ConfigurationError(char const*) const
                0x0000000000087f20                CUSBFunction::SelectInterfaceByClass(unsigned char, unsigned char, unsigned char)
                0x0000000000088000                CUSBFunction::GetInterfaceNumber() const
                0x0000000000088030                CUSBFunction::GetInterfaceClass() const
                0x0000000000088060                CUSBFunction::GetInterfaceSubClass() const
                0x0000000000088090                CUSBFunction::GetInterfaceProtocol() const
 .text          0x00000000000880c0      0x54c ../../lib/usb/libusb.a(usbgamepadps3.o)
                0x00000000000880c0                CUSBGamePadPS3Device::~CUSBGamePadPS3Device()
                0x00000000000880c0                CUSBGamePadPS3Device::~CUSBGamePadPS3Device()
                0x00000000000880d0                CUSBGamePadPS3Device::~CUSBGamePadPS3Device()
                0x0000000000088110                CUSBGamePadPS3Device::SetLEDMode(TGamePadLEDMode)
                0x00000000000881b0                CUSBGamePadPS3Device::SetRumbleMode(TGamePadRumbleMode)
                0x0000000000088280                CUSBGamePadPS3Device::CUSBGamePadPS3Device(CUSBFunction*)
                0x0000000000088280                CUSBGamePadPS3Device::CUSBGamePadPS3Device(CUSBFunction*)
                0x00000000000882e0                CUSBGamePadPS3Device::PS3Enable()
                0x0000000000088380                CUSBGamePadPS3Device::Configure()
                0x00000000000884d0                CUSBGamePadPS3Device::DecodeReport(unsigned char const*)
 *fill*         0x000000000008860c        0x4 
 .text._ZN17CUSBGamePadDevice10SetLEDModeEjhh
                0x0000000000088610        0x8 ../../lib/usb/libusb.a(usbgamepadps3.o)
                0x0000000000088610                CUSBGamePadDevice::SetLEDMode(unsigned int, unsigned char, unsigned char)
 *fill*         0x0000000000088618        0x8 
 .text._ZN20CUSBGamePadPS3Device13GetPropertiesEv
                0x0000000000088620        0x8 ../../lib/usb/libusb.a(usbgamepadps3.o)
                0x0000000000088620                CUSBGamePadPS3Device::GetProperties()
 *fill*         0x0000000000088628        0x8 
 .text          0x0000000000088630      0x7c8 ../../lib/usb/libusb.a(usbgamepadps4.o)
                0x0000000000088630                CUSBGamePadPS4Device::DecodeReport(unsigned char const*)
                0x00000000000887a0                CUSBGamePadPS4Device::~CUSBGamePadPS4Device()
                0x00000000000887a0                CUSBGamePadPS4Device::~CUSBGamePadPS4Device()
                0x00000000000887f0                CUSBGamePadPS4Device::~CUSBGamePadPS4Device()
                0x0000000000088820                CUSBGamePadPS4Device::CUSBGamePadPS4Device(CUSBFunction*)
                0x0000000000088820                CUSBGamePadPS4Device::CUSBGamePadPS4Device(CUSBFunction*)
                0x0000000000088870                CUSBGamePadPS4Device::HandleTouchpad(unsigned char const*)
                0x00000000000889f0                CUSBGamePadPS4Device::ReportHandler(unsigned char const*, unsigned int)
                0x0000000000088a60                CUSBGamePadPS4Device::SendLedRumbleCommand()
                0x0000000000088b30                CUSBGamePadPS4Device::SetLEDMode(TGamePadLEDMode)
                0x0000000000088c10                CUSBGamePadPS4Device::SetLEDMode(unsigned int, unsigned char, unsigned char)
                0x0000000000088c30                CUSBGamePadPS4Device::SetRumbleMode(TGamePadRumbleMode)
                0x0000000000088c90                CUSBGamePadPS4Device::DisableTouchpad()
                0x0000000000088ca0                CUSBGamePadPS4Device::Configure()
 *fill*         0x0000000000088df8        0x8 
 .text._ZN20CUSBGamePadPS4Device13GetPropertiesEv
                0x0000000000088e00        0x8 ../../lib/usb/libusb.a(usbgamepadps4.o)
                0x0000000000088e00                CUSBGamePadPS4Device::GetProperties()
 *fill*         0x0000000000088e08        0x8 
 .text          0x0000000000088e10      0x878 ../../lib/usb/libusb.a(usbgamepadstandard.o)
                0x0000000000088e10                CUSBGamePadStandardDevice::~CUSBGamePadStandardDevice()
                0x0000000000088e10                CUSBGamePadStandardDevice::~CUSBGamePadStandardDevice()
                0x0000000000088e50                CUSBGamePadStandardDevice::~CUSBGamePadStandardDevice()
                0x0000000000088e80                CUSBGamePadStandardDevice::CUSBGamePadStandardDevice(CUSBFunction*, bool)
                0x0000000000088e80                CUSBGamePadStandardDevice::CUSBGamePadStandardDevice(CUSBFunction*, bool)
                0x0000000000088ec0                CUSBGamePadStandardDevice::BitGetUnsigned(void const*, unsigned int, unsigned int)
                0x0000000000088fc0                CUSBGamePadStandardDevice::BitGetSigned(void const*, unsigned int, unsigned int)
                0x0000000000089000                CUSBGamePadStandardDevice::DecodeReport(unsigned char const*)
                0x00000000000894a0                CUSBGamePadStandardDevice::Configure()
 *fill*         0x0000000000089688        0x8 
 .text._ZN17CUSBGamePadDevice13GetPropertiesEv
                0x0000000000089690        0x8 ../../lib/usb/libusb.a(usbgamepadstandard.o)
                0x0000000000089690                CUSBGamePadDevice::GetProperties()
 *fill*         0x0000000000089698        0x8 
 .text._ZN17CUSBGamePadDevice10SetLEDModeE15TGamePadLEDMode
                0x00000000000896a0        0x8 ../../lib/usb/libusb.a(usbgamepadstandard.o)
                0x00000000000896a0                CUSBGamePadDevice::SetLEDMode(TGamePadLEDMode)
 *fill*         0x00000000000896a8        0x8 
 .text._ZN17CUSBGamePadDevice13SetRumbleModeE18TGamePadRumbleMode
                0x00000000000896b0        0x8 ../../lib/usb/libusb.a(usbgamepadstandard.o)
                0x00000000000896b0                CUSBGamePadDevice::SetRumbleMode(TGamePadRumbleMode)
 *fill*         0x00000000000896b8        0x8 
 .text          0x00000000000896c0      0x720 ../../lib/usb/libusb.a(usbgamepadswitchpro.o)
                0x00000000000896c0                CUSBGamePadSwitchProDevice::~CUSBGamePadSwitchProDevice()
                0x00000000000896c0                CUSBGamePadSwitchProDevice::~CUSBGamePadSwitchProDevice()
                0x00000000000896d0                CUSBGamePadSwitchProDevice::~CUSBGamePadSwitchProDevice()
                0x0000000000089710                CUSBGamePadSwitchProDevice::DecodeReport(unsigned char const*)
                0x0000000000089910                CUSBGamePadSwitchProDevice::SetLEDMode(TGamePadLEDMode)
                0x00000000000899b0                CUSBGamePadSwitchProDevice::SetRumbleMode(TGamePadRumbleMode)
                0x0000000000089a70                CUSBGamePadSwitchProDevice::CUSBGamePadSwitchProDevice(CUSBFunction*)
                0x0000000000089a70                CUSBGamePadSwitchProDevice::CUSBGamePadSwitchProDevice(CUSBFunction*)
                0x0000000000089ac0                CUSBGamePadSwitchProDevice::Configure()
 .text._ZN26CUSBGamePadSwitchProDevice13GetPropertiesEv
                0x0000000000089de0        0x8 ../../lib/usb/libusb.a(usbgamepadswitchpro.o)
                0x0000000000089de0                CUSBGamePadSwitchProDevice::GetProperties()
 *fill*         0x0000000000089de8        0x8 
 .text          0x0000000000089df0      0x420 ../../lib/usb/libusb.a(usbgamepadxbox360.o)
                0x0000000000089df0                CUSBGamePadXbox360Device::~CUSBGamePadXbox360Device()
                0x0000000000089df0                CUSBGamePadXbox360Device::~CUSBGamePadXbox360Device()
                0x0000000000089e00                CUSBGamePadXbox360Device::~CUSBGamePadXbox360Device()
                0x0000000000089e40                CUSBGamePadXbox360Device::SetLEDMode(TGamePadLEDMode)
                0x0000000000089e90                CUSBGamePadXbox360Device::ReportHandler(unsigned char const*, unsigned int)
                0x0000000000089f10                CUSBGamePadXbox360Device::DecodeReport(unsigned char const*)
                0x000000000008a070                CUSBGamePadXbox360Device::SetRumbleMode(TGamePadRumbleMode)
                0x000000000008a120                CUSBGamePadXbox360Device::CUSBGamePadXbox360Device(CUSBFunction*)
                0x000000000008a120                CUSBGamePadXbox360Device::CUSBGamePadXbox360Device(CUSBFunction*)
                0x000000000008a150                CUSBGamePadXbox360Device::Configure()
 .text._ZN24CUSBGamePadXbox360Device13GetPropertiesEv
                0x000000000008a210        0x8 ../../lib/usb/libusb.a(usbgamepadxbox360.o)
                0x000000000008a210                CUSBGamePadXbox360Device::GetProperties()
 *fill*         0x000000000008a218        0x8 
 .text          0x000000000008a220      0x478 ../../lib/usb/libusb.a(usbgamepadxboxone.o)
                0x000000000008a220                CUSBGamePadXboxOneDevice::DecodeReport(unsigned char const*)
                0x000000000008a390                CUSBGamePadXboxOneDevice::~CUSBGamePadXboxOneDevice()
                0x000000000008a390                CUSBGamePadXboxOneDevice::~CUSBGamePadXboxOneDevice()
                0x000000000008a3a0                CUSBGamePadXboxOneDevice::~CUSBGamePadXboxOneDevice()
                0x000000000008a3e0                CUSBGamePadXboxOneDevice::ReportHandler(unsigned char const*, unsigned int)
                0x000000000008a4d0                CUSBGamePadXboxOneDevice::SetRumbleMode(TGamePadRumbleMode)
                0x000000000008a560                CUSBGamePadXboxOneDevice::CUSBGamePadXboxOneDevice(CUSBFunction*)
                0x000000000008a560                CUSBGamePadXboxOneDevice::CUSBGamePadXboxOneDevice(CUSBFunction*)
                0x000000000008a590                CUSBGamePadXboxOneDevice::Configure()
 *fill*         0x000000000008a698        0x8 
 .text._ZN24CUSBGamePadXboxOneDevice13GetPropertiesEv
                0x000000000008a6a0        0x8 ../../lib/usb/libusb.a(usbgamepadxboxone.o)
                0x000000000008a6a0                CUSBGamePadXboxOneDevice::GetProperties()
 *fill*         0x000000000008a6a8        0x8 
 .text          0x000000000008a6b0      0x8c0 ../../lib/usb/libusb.a(usbhiddevice.o)
                0x000000000008a6b0                CUSBHIDDevice::SendCompletionRoutine(CUSBRequest*, void*, void*)
                0x000000000008a750                CUSBHIDDevice::CUSBHIDDevice(CUSBFunction*, unsigned int)
                0x000000000008a750                CUSBHIDDevice::CUSBHIDDevice(CUSBFunction*, unsigned int)
                0x000000000008a7b0                CUSBHIDDevice::~CUSBHIDDevice()
                0x000000000008a7b0                CUSBHIDDevice::~CUSBHIDDevice()
                0x000000000008a830                CUSBHIDDevice::~CUSBHIDDevice()
                0x000000000008a860                CUSBHIDDevice::Configure(unsigned int)
                0x000000000008aad0                CUSBHIDDevice::SendToEndpointOut(void const*, unsigned int, unsigned int)
                0x000000000008ab70                CUSBHIDDevice::SendToEndpointOutAsync(void const*, unsigned int, unsigned int)
                0x000000000008ac70                CUSBHIDDevice::ReceiveFromEndpointIn(void*, unsigned int, unsigned int)
                0x000000000008ad30                CUSBHIDDevice::StartRequest()
                0x000000000008ae30                CUSBHIDDevice::CompletionRoutine(CUSBRequest*)
                0x000000000008af40                CUSBHIDDevice::CompletionStub(CUSBRequest*, void*, void*)
 .text          0x000000000008af70      0x24c ../../lib/usb/libusb.a(usbhostcontroller.o)
                0x000000000008af70                CUSBHostController::CUSBHostController()
                0x000000000008af70                CUSBHostController::CUSBHostController()
                0x000000000008af80                CUSBHostController::~CUSBHostController()
                0x000000000008af80                CUSBHostController::~CUSBHostController()
                0x000000000008af90                CUSBHostController::~CUSBHostController()
                0x000000000008afa0                CUSBHostController::ControlMessage(CUSBEndpoint*, unsigned char, unsigned char, unsigned short, unsigned short, void*, unsigned short)
                0x000000000008b080                CUSBHostController::GetDescriptor(CUSBEndpoint*, unsigned char, unsigned char, void*, unsigned int, unsigned char, unsigned short)
                0x000000000008b0b0                CUSBHostController::SetAddress(CUSBEndpoint*, unsigned char)
                0x000000000008b100                CUSBHostController::SetConfiguration(CUSBEndpoint*, unsigned char)
                0x000000000008b150                CUSBHostController::Transfer(CUSBEndpoint*, void*, unsigned int, unsigned int)
 *fill*         0x000000000008b1bc        0x4 
 .text          0x000000000008b1c0      0xd18 ../../lib/usb/libusb.a(usbmassdevice.o)
                0x000000000008b1c0                CUSBBulkOnlyMassStorageDevice::Seek(unsigned long)
                0x000000000008b1d0                CUSBBulkOnlyMassStorageDevice::~CUSBBulkOnlyMassStorageDevice()
                0x000000000008b1d0                CUSBBulkOnlyMassStorageDevice::~CUSBBulkOnlyMassStorageDevice()
                0x000000000008b2c0                CUSBBulkOnlyMassStorageDevice::~CUSBBulkOnlyMassStorageDevice()
                0x000000000008b2f0                CUSBBulkOnlyMassStorageDevice::CUSBBulkOnlyMassStorageDevice(CUSBFunction*)
                0x000000000008b2f0                CUSBBulkOnlyMassStorageDevice::CUSBBulkOnlyMassStorageDevice(CUSBFunction*)
                0x000000000008b330                CUSBBulkOnlyMassStorageDevice::GetCapacity() const
                0x000000000008b340                CUSBBulkOnlyMassStorageDevice::Command(void*, unsigned long, void*, unsigned long, bool)
                0x000000000008b600                CUSBBulkOnlyMassStorageDevice::TryRead(void*, unsigned long)
                0x000000000008b6d0                CUSBBulkOnlyMassStorageDevice::TryWrite(void const*, unsigned long)
                0x000000000008b7a0                CUSBBulkOnlyMassStorageDevice::Reset()
                0x000000000008b8f0                CUSBBulkOnlyMassStorageDevice::Read(void*, unsigned long)
                0x000000000008b990                CUSBBulkOnlyMassStorageDevice::Write(void const*, unsigned long)
                0x000000000008ba30                CUSBBulkOnlyMassStorageDevice::Configure()
 *fill*         0x000000000008bed8        0x8 
 .text          0x000000000008bee0      0x73c ../../lib/usb/libusb.a(usbmidi.o)
                0x000000000008bee0                CUSBMIDIDevice::~CUSBMIDIDevice()
                0x000000000008bee0                CUSBMIDIDevice::~CUSBMIDIDevice()
                0x000000000008bf40                CUSBMIDIDevice::~CUSBMIDIDevice()
                0x000000000008bf70                CUSBMIDIDevice::CUSBMIDIDevice(CUSBFunction*)
                0x000000000008bf70                CUSBMIDIDevice::CUSBMIDIDevice(CUSBFunction*)
                0x000000000008bfb0                CUSBMIDIDevice::RegisterPacketHandler(void (*)(unsigned int, unsigned char*, unsigned int))
                0x000000000008c000                CUSBMIDIDevice::StartRequest()
                0x000000000008c100                CUSBMIDIDevice::TimerStub(unsigned long, void*, void*)
                0x000000000008c160                CUSBMIDIDevice::CompletionRoutine(CUSBRequest*)
                0x000000000008c370                CUSBMIDIDevice::CompletionStub(CUSBRequest*, void*, void*)
                0x000000000008c3a0                CUSBMIDIDevice::TimerHandler(unsigned long)
                0x000000000008c3e0                CUSBMIDIDevice::Configure()
 *fill*         0x000000000008c61c        0x4 
 .text          0x000000000008c620      0x264 ../../lib/usb/libusb.a(usbmouse.o)
                0x000000000008c620                CUSBMouseDevice::~CUSBMouseDevice()
                0x000000000008c620                CUSBMouseDevice::~CUSBMouseDevice()
                0x000000000008c680                CUSBMouseDevice::~CUSBMouseDevice()
                0x000000000008c6b0                CUSBMouseDevice::Configure()
                0x000000000008c820                CUSBMouseDevice::ReportHandler(unsigned char const*, unsigned int)
                0x000000000008c850                CUSBMouseDevice::CUSBMouseDevice(CUSBFunction*)
                0x000000000008c850                CUSBMouseDevice::CUSBMouseDevice(CUSBFunction*)
 *fill*         0x000000000008c884        0xc 
 .text          0x000000000008c890      0x390 ../../lib/usb/libusb.a(usbprinter.o)
                0x000000000008c890                CUSBPrinterDevice::~CUSBPrinterDevice()
                0x000000000008c890                CUSBPrinterDevice::~CUSBPrinterDevice()
                0x000000000008c900                CUSBPrinterDevice::~CUSBPrinterDevice()
                0x000000000008c930                CUSBPrinterDevice::Write(void const*, unsigned long)
                0x000000000008c9d0                CUSBPrinterDevice::CUSBPrinterDevice(CUSBFunction*)
                0x000000000008c9d0                CUSBPrinterDevice::CUSBPrinterDevice(CUSBFunction*)
                0x000000000008ca10                CUSBPrinterDevice::Configure()
 .text          0x000000000008cc20      0x3f4 ../../lib/usb/libusb.a(usbrequest.o)
                0x000000000008cc20                CUSBRequest::CUSBRequest(CUSBEndpoint*, void*, unsigned int, TSetupData*)
                0x000000000008cc20                CUSBRequest::CUSBRequest(CUSBEndpoint*, void*, unsigned int, TSetupData*)
                0x000000000008cc90                CUSBRequest::~CUSBRequest()
                0x000000000008cc90                CUSBRequest::~CUSBRequest()
                0x000000000008cca0                CUSBRequest::GetEndpoint() const
                0x000000000008ccd0                CUSBRequest::SetStatus(int)
                0x000000000008cce0                CUSBRequest::SetResultLen(unsigned int)
                0x000000000008ccf0                CUSBRequest::GetStatus() const
                0x000000000008cd00                CUSBRequest::GetResultLength() const
                0x000000000008cd30                CUSBRequest::GetSetupData()
                0x000000000008cd90                CUSBRequest::GetBuffer()
                0x000000000008cdd0                CUSBRequest::GetBufLen() const
                0x000000000008cde0                CUSBRequest::SetCompletionRoutine(void (*)(CUSBRequest*, void*, void*), void*, void*)
                0x000000000008ce10                CUSBRequest::CallCompletionRoutine()
                0x000000000008ce50                CUSBRequest::SetCompleteOnNAK()
                0x000000000008ce60                CUSBRequest::IsCompleteOnNAK() const
                0x000000000008ce70                CUSBRequest::operator new(unsigned long)
                0x000000000008ced0                CUSBRequest::operator delete(void*, unsigned long)
                0x000000000008cf30                CUSBRequest::InitAllocator(unsigned int)
                0x000000000008cfa0                CUSBRequest::InitProtectedAllocator(unsigned int, unsigned int)
 *fill*         0x000000000008d014        0xc 
 .text          0x000000000008d020      0xc38 ../../lib/usb/libusb.a(usbstandardhub.o)
                0x000000000008d020                CUSBStandardHub::GetHubInfo() const
                0x000000000008d030                CUSBStandardHub::~CUSBStandardHub()
                0x000000000008d030                CUSBStandardHub::~CUSBStandardHub()
                0x000000000008d110                CUSBStandardHub::~CUSBStandardHub()
                0x000000000008d140                CUSBStandardHub::CUSBStandardHub(CUSBFunction*)
                0x000000000008d140                CUSBStandardHub::CUSBStandardHub(CUSBFunction*)
                0x000000000008d1b0                CUSBStandardHub::DisablePort(unsigned int)
                0x000000000008d280                CUSBStandardHub::RemoveDevice(unsigned int)
                0x000000000008d2e0                CUSBStandardHub::Initialize()
                0x000000000008d450                CUSBStandardHub::EnumeratePorts()
                0x000000000008daf0                CUSBStandardHub::ReScanDevices()
                0x000000000008db00                CUSBStandardHub::Configure()
 *fill*         0x000000000008dc58        0x8 
 .text          0x000000000008dc60      0x5b4 ../../lib/usb/libusb.a(xhcicommandmanager.o)
                0x000000000008dc60                CXHCICommandManager::CXHCICommandManager(CXHCIDevice*)
                0x000000000008dc60                CXHCICommandManager::CXHCICommandManager(CXHCIDevice*)
                0x000000000008dd30                CXHCICommandManager::~CXHCICommandManager()
                0x000000000008dd30                CXHCICommandManager::~CXHCICommandManager()
                0x000000000008dd70                CXHCICommandManager::IsValid()
                0x000000000008dd80                CXHCICommandManager::DumpStatus()
                0x000000000008ddf0                CXHCICommandManager::DoCommand(unsigned int, unsigned int, unsigned int, unsigned int, unsigned char*)
                0x000000000008df40                CXHCICommandManager::EnableSlot(unsigned char*)
                0x000000000008dfc0                CXHCICommandManager::DisableSlot(unsigned char)
                0x000000000008e010                CXHCICommandManager::AddressDevice(unsigned char, TXHCIInputContext*, bool)
                0x000000000008e0a0                CXHCICommandManager::ConfigureEndpoint(unsigned char, TXHCIInputContext*, bool)
                0x000000000008e120                CXHCICommandManager::EvaluateContext(unsigned char, TXHCIInputContext*)
                0x000000000008e190                CXHCICommandManager::NoOp()
                0x000000000008e1b0                CXHCICommandManager::CommandCompleted(TXHCITRB*, unsigned char, unsigned char)
 *fill*         0x000000000008e214        0xc 
 .text          0x000000000008e220      0xef0 ../../lib/usb/libusb.a(lan7800.o)
                0x000000000008e220                CLAN7800Device::GetMACAddress() const
                0x000000000008e230                CLAN7800Device::~CLAN7800Device()
                0x000000000008e230                CLAN7800Device::~CLAN7800Device()
                0x000000000008e2b0                non-virtual thunk to CLAN7800Device::~CLAN7800Device()
                0x000000000008e2c0                CLAN7800Device::~CLAN7800Device()
                0x000000000008e2f0                non-virtual thunk to CLAN7800Device::~CLAN7800Device()
                0x000000000008e300                CLAN7800Device::ReceiveFrame(void*, unsigned int*)
                0x000000000008e470                non-virtual thunk to CLAN7800Device::ReceiveFrame(void*, unsigned int*)
                0x000000000008e480                CLAN7800Device::SendFrame(void const*, unsigned int)
                0x000000000008e530                non-virtual thunk to CLAN7800Device::SendFrame(void const*, unsigned int)
                0x000000000008e540                non-virtual thunk to CLAN7800Device::GetMACAddress() const
                0x000000000008e550                CLAN7800Device::CLAN7800Device(CUSBFunction*)
                0x000000000008e550                CLAN7800Device::CLAN7800Device(CUSBFunction*)
                0x000000000008e590                CLAN7800Device::WriteReg(unsigned int, unsigned int)
                0x000000000008e630                CLAN7800Device::ReadReg(unsigned int, unsigned int*)
                0x000000000008e6d0                CLAN7800Device::WaitReg(unsigned int, unsigned int, unsigned int, unsigned int, unsigned int)
                0x000000000008e7c0                CLAN7800Device::PHYWrite(unsigned char, unsigned short)
                0x000000000008e890                CLAN7800Device::PHYRead(unsigned char, unsigned short*)
                0x000000000008e990                CLAN7800Device::IsLinkUp()
                0x000000000008e9c0                non-virtual thunk to CLAN7800Device::IsLinkUp()
                0x000000000008e9d0                CLAN7800Device::GetLinkSpeed()
                0x000000000008ea70                non-virtual thunk to CLAN7800Device::GetLinkSpeed()
                0x000000000008ea80                CLAN7800Device::InitPHY()
                0x000000000008eb00                CLAN7800Device::ReadWriteReg(unsigned int, unsigned int, unsigned int)
                0x000000000008eb60                CLAN7800Device::InitMACAddress()
                0x000000000008eca0                CLAN7800Device::Configure()
 .text._ZN10CNetDevice7GetTypeEv
                0x000000000008f110        0x8 ../../lib/usb/libusb.a(lan7800.o)
                0x000000000008f110                CNetDevice::GetType()
 *fill*         0x000000000008f118        0x8 
 .text._ZN10CNetDevice20IsSendFrameAdvisableEv
                0x000000000008f120        0x8 ../../lib/usb/libusb.a(lan7800.o)
                0x000000000008f120                CNetDevice::IsSendFrameAdvisable()
 *fill*         0x000000000008f128        0x8 
 .text._ZN10CNetDevice9UpdatePHYEv
                0x000000000008f130        0x8 ../../lib/usb/libusb.a(lan7800.o)
                0x000000000008f130                CNetDevice::UpdatePHY()
 *fill*         0x000000000008f138        0x8 
 .text          0x000000000008f140      0xc64 ../../lib/usb/libusb.a(smsc951x.o)
                0x000000000008f140                CSMSC951xDevice::GetMACAddress() const
                0x000000000008f150                CSMSC951xDevice::~CSMSC951xDevice()
                0x000000000008f150                CSMSC951xDevice::~CSMSC951xDevice()
                0x000000000008f1d0                non-virtual thunk to CSMSC951xDevice::~CSMSC951xDevice()
                0x000000000008f1e0                CSMSC951xDevice::~CSMSC951xDevice()
                0x000000000008f210                non-virtual thunk to CSMSC951xDevice::~CSMSC951xDevice()
                0x000000000008f220                CSMSC951xDevice::ReceiveFrame(void*, unsigned int*)
                0x000000000008f3a0                non-virtual thunk to CSMSC951xDevice::ReceiveFrame(void*, unsigned int*)
                0x000000000008f3b0                CSMSC951xDevice::SendFrame(void const*, unsigned int)
                0x000000000008f460                non-virtual thunk to CSMSC951xDevice::SendFrame(void const*, unsigned int)
                0x000000000008f470                non-virtual thunk to CSMSC951xDevice::GetMACAddress() const
                0x000000000008f480                CSMSC951xDevice::CSMSC951xDevice(CUSBFunction*)
                0x000000000008f480                CSMSC951xDevice::CSMSC951xDevice(CUSBFunction*)
                0x000000000008f4c0                CSMSC951xDevice::WriteReg(unsigned int, unsigned int)
                0x000000000008f530                CSMSC951xDevice::ReadReg(unsigned int, unsigned int*)
                0x000000000008f5a0                CSMSC951xDevice::PHYWaitNotBusy()
                0x000000000008f630                CSMSC951xDevice::PHYWrite(unsigned char, unsigned short)
                0x000000000008f6e0                CSMSC951xDevice::PHYRead(unsigned char, unsigned short*)
                0x000000000008f7c0                CSMSC951xDevice::IsLinkUp()
                0x000000000008f7f0                non-virtual thunk to CSMSC951xDevice::IsLinkUp()
                0x000000000008f800                CSMSC951xDevice::GetLinkSpeed()
                0x000000000008f870                non-virtual thunk to CSMSC951xDevice::GetLinkSpeed()
                0x000000000008f880                CSMSC951xDevice::DumpReg(char const*, unsigned int)
                0x000000000008f910                CSMSC951xDevice::DumpRegs()
                0x000000000008fac0                CSMSC951xDevice::Configure()
 *fill*         0x000000000008fda4        0xc 
 .text          0x000000000008fdb0      0x660 ../../lib/usb/libusb.a(usbbluetooth.o)
                0x000000000008fdb0                CUSBBluetoothDevice::~CUSBBluetoothDevice()
                0x000000000008fdb0                CUSBBluetoothDevice::~CUSBBluetoothDevice()
                0x000000000008fe50                CUSBBluetoothDevice::~CUSBBluetoothDevice()
                0x000000000008fe80                CUSBBluetoothDevice::CUSBBluetoothDevice(CUSBFunction*)
                0x000000000008fe80                CUSBBluetoothDevice::CUSBBluetoothDevice(CUSBFunction*)
                0x000000000008fec0                CUSBBluetoothDevice::SendHCICommand(void const*, unsigned int)
                0x000000000008ff30                CUSBBluetoothDevice::StartRequest()
                0x0000000000090010                CUSBBluetoothDevice::RegisterHCIEventHandler(void (*)(void const*, unsigned int))
                0x0000000000090040                CUSBBluetoothDevice::CompletionRoutine(CUSBRequest*)
                0x0000000000090190                CUSBBluetoothDevice::CompletionStub(CUSBRequest*, void*, void*)
                0x00000000000901c0                CUSBBluetoothDevice::Configure()
 .text          0x0000000000090410      0x660 ../../lib/usb/libusb.a(usbcdcethernet.o)
                0x0000000000090410                CUSBCDCEthernetDevice::GetMACAddress() const
                0x0000000000090420                CUSBCDCEthernetDevice::~CUSBCDCEthernetDevice()
                0x0000000000090420                CUSBCDCEthernetDevice::~CUSBCDCEthernetDevice()
                0x00000000000904a0                non-virtual thunk to CUSBCDCEthernetDevice::~CUSBCDCEthernetDevice()
                0x00000000000904b0                CUSBCDCEthernetDevice::~CUSBCDCEthernetDevice()
                0x00000000000904e0                non-virtual thunk to CUSBCDCEthernetDevice::~CUSBCDCEthernetDevice()
                0x00000000000904f0                CUSBCDCEthernetDevice::ReceiveFrame(void*, unsigned int*)
                0x00000000000905f0                non-virtual thunk to CUSBCDCEthernetDevice::ReceiveFrame(void*, unsigned int*)
                0x0000000000090600                CUSBCDCEthernetDevice::SendFrame(void const*, unsigned int)
                0x00000000000906b0                non-virtual thunk to CUSBCDCEthernetDevice::SendFrame(void const*, unsigned int)
                0x00000000000906c0                non-virtual thunk to CUSBCDCEthernetDevice::GetMACAddress() const
                0x00000000000906d0                CUSBCDCEthernetDevice::CUSBCDCEthernetDevice(CUSBFunction*)
                0x00000000000906d0                CUSBCDCEthernetDevice::CUSBCDCEthernetDevice(CUSBFunction*)
                0x0000000000090710                CUSBCDCEthernetDevice::InitMACAddress(unsigned char)
                0x0000000000090830                CUSBCDCEthernetDevice::Configure()
 .text._ZN10CNetDevice8IsLinkUpEv
                0x0000000000090a70        0x8 ../../lib/usb/libusb.a(usbcdcethernet.o)
                0x0000000000090a70                CNetDevice::IsLinkUp()
 *fill*         0x0000000000090a78        0x8 
 .text._ZN10CNetDevice12GetLinkSpeedEv
                0x0000000000090a80        0x8 ../../lib/usb/libusb.a(usbcdcethernet.o)
                0x0000000000090a80                CNetDevice::GetLinkSpeed()
 *fill*         0x0000000000090a88        0x8 
 .text          0x0000000000090a90      0x33c ../../lib/usb/libusb.a(usbconfigparser.o)
                0x0000000000090a90                CUSBConfigurationParser::CUSBConfigurationParser(void const*, unsigned int)
                0x0000000000090a90                CUSBConfigurationParser::CUSBConfigurationParser(void const*, unsigned int)
                0x0000000000090bd0                CUSBConfigurationParser::CUSBConfigurationParser(CUSBConfigurationParser*)
                0x0000000000090bd0                CUSBConfigurationParser::CUSBConfigurationParser(CUSBConfigurationParser*)
                0x0000000000090c30                CUSBConfigurationParser::~CUSBConfigurationParser()
                0x0000000000090c30                CUSBConfigurationParser::~CUSBConfigurationParser()
                0x0000000000090c40                CUSBConfigurationParser::IsValid() const
                0x0000000000090c50                CUSBConfigurationParser::GetDescriptor(unsigned char)
                0x0000000000090d10                CUSBConfigurationParser::GetCurrentDescriptor()
                0x0000000000090d60                CUSBConfigurationParser::Error(char const*) const
 *fill*         0x0000000000090dcc        0x4 
 .text          0x0000000000090dd0      0x248 ../../lib/usb/libusb.a(usbgamepad.o)
                0x0000000000090dd0                CUSBGamePadDevice::GetInitialState()
                0x0000000000090de0                CUSBGamePadDevice::ReportHandler(unsigned char const*, unsigned int)
                0x0000000000090e50                CUSBGamePadDevice::RegisterStatusHandler(void (*)(unsigned int, TGamePadState const*))
                0x0000000000090ea0                CUSBGamePadDevice::Configure()
                0x0000000000090f50                CUSBGamePadDevice::CUSBGamePadDevice(CUSBFunction*)
                0x0000000000090f50                CUSBGamePadDevice::CUSBGamePadDevice(CUSBFunction*)
                0x0000000000090fa0                CUSBGamePadDevice::~CUSBGamePadDevice()
                0x0000000000090fa0                CUSBGamePadDevice::~CUSBGamePadDevice()
                0x0000000000090ff0                CUSBGamePadDevice::~CUSBGamePadDevice()
 *fill*         0x0000000000091018        0x8 
 .text          0x0000000000091020      0x594 ../../lib/usb/libusb.a(usbstring.o)
                0x0000000000091020                CUSBString::CUSBString(CUSBDevice*)
                0x0000000000091020                CUSBString::CUSBString(CUSBDevice*)
                0x0000000000091080                CUSBString::CUSBString(CUSBString*)
                0x0000000000091080                CUSBString::CUSBString(CUSBString*)
                0x0000000000091150                CUSBString::~CUSBString()
                0x0000000000091150                CUSBString::~CUSBString()
                0x00000000000911a0                CUSBString::GetFromDescriptor(unsigned char, unsigned short)
                0x00000000000913f0                CUSBString::Get() const
                0x0000000000091400                CUSBString::GetLanguageID()
 *fill*         0x00000000000915b4        0xc 
 .text          0x00000000000915c0      0x350 ../../lib/input/libinput.a(keyboardbehaviour.o)
                0x00000000000915c0                CKeyboardBehaviour::CKeyboardBehaviour()
                0x00000000000915c0                CKeyboardBehaviour::CKeyboardBehaviour()
                0x00000000000915e0                CKeyboardBehaviour::~CKeyboardBehaviour()
                0x00000000000915e0                CKeyboardBehaviour::~CKeyboardBehaviour()
                0x0000000000091600                CKeyboardBehaviour::RegisterKeyPressedHandler(void (*)(char const*))
                0x0000000000091630                CKeyboardBehaviour::RegisterSelectConsoleHandler(void (*)(unsigned int))
                0x0000000000091660                CKeyboardBehaviour::RegisterShutdownHandler(void (*)())
                0x0000000000091690                CKeyboardBehaviour::GetLEDStatus() const
                0x00000000000916a0                CKeyboardBehaviour::GenerateKeyEvent(unsigned char)
                0x0000000000091780                CKeyboardBehaviour::KeyPressed(unsigned char)
                0x00000000000917d0                CKeyboardBehaviour::KeyReleased(unsigned char)
                0x0000000000091850                CKeyboardBehaviour::TimerHandler(unsigned long)
                0x00000000000918e0                CKeyboardBehaviour::TimerStub(unsigned long, void*, void*)
 .text          0x0000000000091910      0x3fc ../../lib/input/libinput.a(keymap.o)
                0x0000000000091910                CKeyMap::~CKeyMap()
                0x0000000000091910                CKeyMap::~CKeyMap()
                0x0000000000091920                CKeyMap::ClearTable(unsigned char)
                0x0000000000091960                CKeyMap::SetEntry(unsigned char, unsigned char, unsigned short)
                0x00000000000919c0                CKeyMap::Translate(unsigned char, unsigned char)
                0x0000000000091ad0                CKeyMap::GetString(unsigned short, unsigned char, char*) const
                0x0000000000091ba0                CKeyMap::GetLEDStatus() const
                0x0000000000091be0                CKeyMap::LookupDefaultMap(char const*)
                0x0000000000091c80                CKeyMap::CKeyMap()
                0x0000000000091c80                CKeyMap::CKeyMap()
 *fill*         0x0000000000091d0c        0x4 
 .text          0x0000000000091d10      0x200 ../../lib/input/libinput.a(mouse.o)
                0x0000000000091d10                CMouseDevice::~CMouseDevice()
                0x0000000000091d10                CMouseDevice::~CMouseDevice()
                0x0000000000091d60                CMouseDevice::~CMouseDevice()
                0x0000000000091d90                CMouseDevice::CMouseDevice()
                0x0000000000091d90                CMouseDevice::CMouseDevice()
                0x0000000000091e00                CMouseDevice::Setup(unsigned int, unsigned int)
                0x0000000000091e10                CMouseDevice::RegisterEventHandler(void (*)(TMouseEvent, unsigned int, unsigned int, unsigned int))
                0x0000000000091e20                CMouseDevice::SetCursor(unsigned int, unsigned int)
                0x0000000000091e30                CMouseDevice::ShowCursor(bool)
                0x0000000000091e40                CMouseDevice::UpdateCursor()
                0x0000000000091e60                CMouseDevice::RegisterStatusHandler(void (*)(unsigned int, int, int))
                0x0000000000091eb0                CMouseDevice::ReportHandler(unsigned int, int, int)
 .text          0x0000000000091f10      0x4b8 ../../lib/input/libinput.a(mousebehaviour.o)
                0x0000000000091f10                CMouseBehaviour::CMouseBehaviour()
                0x0000000000091f10                CMouseBehaviour::CMouseBehaviour()
                0x0000000000091f30                CMouseBehaviour::~CMouseBehaviour()
                0x0000000000091f30                CMouseBehaviour::~CMouseBehaviour()
                0x0000000000091f40                CMouseBehaviour::Setup(unsigned int, unsigned int)
                0x0000000000092060                CMouseBehaviour::RegisterEventHandler(void (*)(TMouseEvent, unsigned int, unsigned int, unsigned int))
                0x00000000000920b0                CMouseBehaviour::MouseStatusChanged(unsigned int, int, int)
                0x0000000000092210                CMouseBehaviour::SetCursorState(unsigned int, unsigned int, bool)
                0x0000000000092290                CMouseBehaviour::SetCursor(unsigned int, unsigned int)
                0x0000000000092320                CMouseBehaviour::ShowCursor(bool)
                0x00000000000923a0                CMouseBehaviour::UpdateCursor()
 *fill*         0x00000000000923c8        0x8 
 .text          0x00000000000923d0      0x334 ../../lib/fs/libfs.a(partitionmanager.o)
                0x00000000000923d0                CPartitionManager::CPartitionManager(CDevice*, char const*)
                0x00000000000923d0                CPartitionManager::CPartitionManager(CDevice*, char const*)
                0x0000000000092410                CPartitionManager::~CPartitionManager()
                0x0000000000092410                CPartitionManager::~CPartitionManager()
                0x00000000000924f0                CPartitionManager::Initialize()
 *fill*         0x0000000000092704        0xc 
 .text          0x0000000000092710      0x22c ../../lib/fs/libfs.a(partition.o)
                0x0000000000092710                CPartition::~CPartition()
                0x0000000000092710                CPartition::~CPartition()
                0x0000000000092720                CPartition::~CPartition()
                0x0000000000092760                CPartition::Read(void*, unsigned long)
                0x00000000000927c0                CPartition::Write(void const*, unsigned long)
                0x0000000000092820                CPartition::Seek(unsigned long)
                0x00000000000928d0                CPartition::CPartition(CDevice*, unsigned int, unsigned int)
                0x00000000000928d0                CPartition::CPartition(CDevice*, unsigned int, unsigned int)
 *fill*         0x000000000009293c        0x4 
 .text          0x0000000000092940     0x9268 ../../lib/fs/fatfs/libfatfs.a(ff.o)
                0x00000000000969a0                f_mount
                0x0000000000096ac0                f_open
                0x0000000000097030                f_read
                0x0000000000097360                f_write
                0x00000000000977e0                f_sync
                0x0000000000097a90                f_close
                0x0000000000097af0                f_chdrive
                0x0000000000097b30                f_chdir
                0x0000000000097d00                f_lseek
                0x0000000000098080                f_opendir
                0x0000000000098260                f_closedir
                0x00000000000982b0                f_readdir
                0x00000000000983d0                f_findnext
                0x0000000000098480                f_findfirst
                0x00000000000984d0                f_stat
                0x00000000000985c0                f_getfree
                0x0000000000098850                f_truncate
                0x0000000000098a30                f_unlink
                0x0000000000098c20                f_mkdir
                0x0000000000098f50                f_rename
                0x00000000000992e0                f_chmod
                0x0000000000099440                f_utime
                0x0000000000099590                f_expand
                0x00000000000998b0                f_mkfs
                0x000000000009b4d0                f_gets
                0x000000000009b580                f_putc
                0x000000000009b5d0                f_puts
                0x000000000009b630                f_printf
 *fill*         0x000000000009bba8        0x8 
 .text          0x000000000009bbb0      0x380 ../../lib/fs/fatfs/libfatfs.a(diskio.o)
                0x000000000009bbb0                disk_status
                0x000000000009bbe0                disk_initialize
                0x000000000009bc40                disk_read
                0x000000000009bd60                disk_write
                0x000000000009be40                disk_ioctl
 .text          0x000000000009bf30      0x25c ../../lib/fs/fatfs/libfatfs.a(ffsystem.o)
                0x000000000009bf30                ff_cre_syncobj
                0x000000000009bf70                ff_del_syncobj
                0x000000000009bfa0                ff_req_grant
                0x000000000009bff0                ff_rel_grant
                0x000000000009c030                ff_memalloc
                0x000000000009c040                ff_memfree
                0x000000000009c050                get_fattime
 *fill*         0x000000000009c18c        0x4 
 .text          0x000000000009c190      0x214 ../../lib/fs/fatfs/libfatfs.a(ffunicode.o)
                0x000000000009c190                ff_uni2oem
                0x000000000009c1f0                ff_oem2uni
                0x000000000009c230                ff_wtoupper
 *fill*         0x000000000009c3a4        0xc 
 .text          0x000000000009c3b0      0x1ac ../../lib/libcircle.a(actled.o)
                0x000000000009c3b0                CActLED::CActLED(bool)
                0x000000000009c3b0                CActLED::CActLED(bool)
                0x000000000009c460                CActLED::~CActLED()
                0x000000000009c460                CActLED::~CActLED()
                0x000000000009c470                CActLED::On()
                0x000000000009c4a0                CActLED::Off()
                0x000000000009c4d0                CActLED::Blink(unsigned int, unsigned int, unsigned int)
                0x000000000009c550                CActLED::Get()
 *fill*         0x000000000009c55c        0x4 
 .text          0x000000000009c560      0x114 ../../lib/libcircle.a(alloc.o)
                0x000000000009c560                malloc
                0x000000000009c580                free
                0x000000000009c5b0                calloc
                0x000000000009c620                realloc
                0x000000000009c650                palloc
                0x000000000009c660                pfree
 *fill*         0x000000000009c674        0xc 
 .text          0x000000000009c680       0x8c ../../lib/libcircle.a(assert.o)
                0x000000000009c680                assertion_failed
 *fill*         0x000000000009c70c        0x4 
 .text          0x000000000009c710      0x1cc ../../lib/libcircle.a(bcmpropertytags.o)
                0x000000000009c710                CBcmPropertyTags::CBcmPropertyTags(bool)
                0x000000000009c710                CBcmPropertyTags::CBcmPropertyTags(bool)
                0x000000000009c720                CBcmPropertyTags::~CBcmPropertyTags()
                0x000000000009c720                CBcmPropertyTags::~CBcmPropertyTags()
                0x000000000009c730                CBcmPropertyTags::GetTag(unsigned int, void*, unsigned int, unsigned int)
                0x000000000009c7c0                CBcmPropertyTags::GetTags(void*, unsigned int)
 *fill*         0x000000000009c8dc        0x4 
 .text          0x000000000009c8e0      0x2e8 ../../lib/libcircle.a(classallocator.o)
                0x000000000009c8e0                CClassAllocator::~CClassAllocator()
                0x000000000009c8e0                CClassAllocator::~CClassAllocator()
                0x000000000009c900                CClassAllocator::Init(unsigned long, unsigned int)
                0x000000000009c9e0                CClassAllocator::CClassAllocator(unsigned long, unsigned int, char const*)
                0x000000000009c9e0                CClassAllocator::CClassAllocator(unsigned long, unsigned int, char const*)
                0x000000000009ca00                CClassAllocator::CClassAllocator(unsigned long, unsigned int, unsigned int, char const*)
                0x000000000009ca00                CClassAllocator::CClassAllocator(unsigned long, unsigned int, unsigned int, char const*)
                0x000000000009ca20                CClassAllocator::Allocate()
                0x000000000009caf0                CClassAllocator::Free(void*)
 *fill*         0x000000000009cbc8        0x8 
 .text          0x000000000009cbd0      0x1d8 ../../lib/libcircle.a(debug.o)
                0x000000000009cbd0                debug_hexdump(void const*, unsigned int, char const*)
                0x000000000009cd00                debug_stacktrace(unsigned long const*, char const*)
 *fill*         0x000000000009cda8        0x8 
 .text          0x000000000009cdb0       0x60 ../../lib/libcircle.a(device.o)
                0x000000000009cdb0                CDevice::~CDevice()
                0x000000000009cdb0                CDevice::~CDevice()
                0x000000000009cdc0                CDevice::Read(void*, unsigned long)
                0x000000000009cdc0                CDevice::Write(void const*, unsigned long)
                0x000000000009cdd0                CDevice::Seek(unsigned long)
                0x000000000009cde0                CDevice::RemoveDevice()
                0x000000000009cdf0                CDevice::~CDevice()
                0x000000000009ce00                CDevice::CDevice()
                0x000000000009ce00                CDevice::CDevice()
 .text          0x000000000009ce10      0x6a0 ../../lib/libcircle.a(devicenameservice.o)
                0x000000000009ce10                CDeviceNameService::CDeviceNameService()
                0x000000000009ce10                CDeviceNameService::CDeviceNameService()
                0x000000000009ce50                CDeviceNameService::~CDeviceNameService()
                0x000000000009ce50                CDeviceNameService::~CDeviceNameService()
                0x000000000009cea0                CDeviceNameService::AddDevice(char const*, CDevice*, bool)
                0x000000000009cf90                CDeviceNameService::RemoveDevice(char const*, bool)
                0x000000000009d0c0                CDeviceNameService::GetDevice(char const*, bool)
                0x000000000009d1c0                CDeviceNameService::Get()
                0x000000000009d1f0                CDeviceNameService::AddDevice(char const*, unsigned int, CDevice*, bool)
                0x000000000009d270                CDeviceNameService::RemoveDevice(char const*, unsigned int, bool)
                0x000000000009d2e0                CDeviceNameService::GetDevice(char const*, unsigned int, bool)
                0x000000000009d360                CDeviceNameService::ListDevices(CDevice*)
 .text          0x000000000009d4b0      0xe24 ../../lib/libcircle.a(gpiopin.o)
                0x000000000009d4b0                CGPIOPin::CGPIOPin()
                0x000000000009d4b0                CGPIOPin::CGPIOPin()
                0x000000000009d4e0                CGPIOPin::CGPIOPin(unsigned int, TGPIOMode, CGPIOManager*)
                0x000000000009d4e0                CGPIOPin::CGPIOPin(unsigned int, TGPIOMode, CGPIOManager*)
                0x000000000009d540                CGPIOPin::~CGPIOPin()
                0x000000000009d540                CGPIOPin::~CGPIOPin()
                0x000000000009d550                CGPIOPin::~CGPIOPin()
                0x000000000009d560                CGPIOPin::AssignPin(unsigned int)
                0x000000000009d5f0                CGPIOPin::SetMode(TGPIOMode, bool)
                0x000000000009d7b0                CGPIOPin::Write(unsigned int)
                0x000000000009d850                CGPIOPin::Read() const
                0x000000000009d8d0                CGPIOPin::Invert()
                0x000000000009d910                CGPIOPin::ConnectInterrupt(void (*)(void*), void*, bool)
                0x000000000009d9f0                CGPIOPin::DisconnectInterrupt()
                0x000000000009dab0                CGPIOPin::EnableInterrupt(TGPIOInterrupt)
                0x000000000009dbf0                CGPIOPin::DisableInterrupt()
                0x000000000009dce0                CGPIOPin::EnableInterrupt2(TGPIOInterrupt)
                0x000000000009de20                CGPIOPin::DisableInterrupt2()
                0x000000000009df10                CGPIOPin::AcknowledgeInterrupt()
                0x000000000009df70                CGPIOPin::WriteAll(unsigned int, unsigned int)
                0x000000000009dfa0                CGPIOPin::ReadAll()
                0x000000000009dfb0                CGPIOPin::SetPullMode(TGPIOPullMode)
                0x000000000009e090                CGPIOPin::SetAlternateFunction(unsigned int)
                0x000000000009e170                CGPIOPin::InterruptHandler()
                0x000000000009e200                CGPIOPin::DisableAllInterrupts(unsigned int)
 *fill*         0x000000000009e2d4        0xc 
 .text.startup  0x000000000009e2e0       0x10 ../../lib/libcircle.a(gpiopin.o)
 .text          0x000000000009e2f0      0x588 ../../lib/libcircle.a(koptions.o)
                0x000000000009e340                CKernelOptions::~CKernelOptions()
                0x000000000009e340                CKernelOptions::~CKernelOptions()
                0x000000000009e350                CKernelOptions::GetWidth() const
                0x000000000009e360                CKernelOptions::GetHeight() const
                0x000000000009e370                CKernelOptions::GetLogDevice() const
                0x000000000009e380                CKernelOptions::GetLogLevel() const
                0x000000000009e390                CKernelOptions::GetKeyMap() const
                0x000000000009e3a0                CKernelOptions::GetUSBPowerDelay() const
                0x000000000009e3b0                CKernelOptions::GetUSBFullSpeed() const
                0x000000000009e3c0                CKernelOptions::GetSoundDevice() const
                0x000000000009e3d0                CKernelOptions::GetSoundOption() const
                0x000000000009e3e0                CKernelOptions::GetCPUSpeed() const
                0x000000000009e3f0                CKernelOptions::GetSoCMaxTemp() const
                0x000000000009e400                CKernelOptions::Get()
                0x000000000009e410                CKernelOptions::GetToken()
                0x000000000009e480                CKernelOptions::CKernelOptions()
                0x000000000009e480                CKernelOptions::CKernelOptions()
                0x000000000009e830                CKernelOptions::GetOptionValue(char*)
                0x000000000009e860                CKernelOptions::GetDecimal(char*)
 *fill*         0x000000000009e878        0x8 
 .text          0x000000000009e880      0x8a8 ../../lib/libcircle.a(logger.o)
                0x000000000009e880                CLogger::CLogger(unsigned int, CTimer*)
                0x000000000009e880                CLogger::CLogger(unsigned int, CTimer*)
                0x000000000009e8d0                CLogger::~CLogger()
                0x000000000009e8d0                CLogger::~CLogger()
                0x000000000009e960                CLogger::Initialize(CDevice*)
                0x000000000009e9b0                CLogger::SetNewTarget(CDevice*)
                0x000000000009e9c0                CLogger::Write(char const*, TLogSeverity, char const*, ...)
                0x000000000009ea40                CLogger::WriteV(char const*, TLogSeverity, char const*, std::__va_list)
                0x000000000009ebe0                CLogger::WriteNoAlloc(char const*, TLogSeverity, char const*)
                0x000000000009ecd0                CLogger::Get()
                0x000000000009ece0                CLogger::Write(char const*)
                0x000000000009edc0                CLogger::Read(void*, unsigned int)
                0x000000000009ee90                CLogger::WriteEvent(char const*, TLogSeverity, char const*)
                0x000000000009f000                CLogger::ReadEvent(TLogSeverity*, char*, char*, long*, unsigned int*, int*)
                0x000000000009f110                CLogger::RegisterEventNotificationHandler(void (*)())
                0x000000000009f120                CLogger::RegisterPanicHandler(void (*)())
 *fill*         0x000000000009f128        0x8 
 .text          0x000000000009f130      0x920 ../../lib/libcircle.a(machineinfo.o)
                0x000000000009f130                CMachineInfo::CMachineInfo()
                0x000000000009f130                CMachineInfo::CMachineInfo()
                0x000000000009f560                CMachineInfo::~CMachineInfo()
                0x000000000009f560                CMachineInfo::~CMachineInfo()
                0x000000000009f580                CMachineInfo::GetMachineModel() const
                0x000000000009f590                CMachineInfo::GetMachineName() const
                0x000000000009f5b0                CMachineInfo::GetModelMajor() const
                0x000000000009f5c0                CMachineInfo::GetModelRevision() const
                0x000000000009f5d0                CMachineInfo::GetSoCType() const
                0x000000000009f5e0                CMachineInfo::GetRAMSize() const
                0x000000000009f5f0                CMachineInfo::GetSoCName() const
                0x000000000009f610                CMachineInfo::GetRevisionRaw() const
                0x000000000009f620                CMachineInfo::GetActLEDInfo() const
                0x000000000009f640                CMachineInfo::GetClockRate(unsigned int) const
                0x000000000009f750                CMachineInfo::GetGPIOPin(TGPIOVirtualPin) const
                0x000000000009f7d0                CMachineInfo::GetGPIOClockSourceRate(unsigned int)
                0x000000000009f830                CMachineInfo::GetDevice(TDeviceId) const
                0x000000000009f870                CMachineInfo::ArePWMChannelsSwapped() const
                0x000000000009f8a0                CMachineInfo::AllocateDMAChannel(unsigned int)
                0x000000000009f980                CMachineInfo::FreeDMAChannel(unsigned int)
                0x000000000009fa20                CMachineInfo::Get()
 .text          0x000000000009fa50     0x1384 ../../lib/libcircle.a(screen.o)
                0x000000000009fa50                CScreenDevice::CScreenDevice(unsigned int, unsigned int, bool)
                0x000000000009fa50                CScreenDevice::CScreenDevice(unsigned int, unsigned int, bool)
                0x000000000009fae0                CScreenDevice::~CScreenDevice()
                0x000000000009fae0                CScreenDevice::~CScreenDevice()
                0x000000000009fb60                CScreenDevice::~CScreenDevice()
                0x000000000009fb90                CScreenDevice::Initialize()
                0x000000000009fd30                CScreenDevice::GetWidth() const
                0x000000000009fd40                CScreenDevice::GetHeight() const
                0x000000000009fd50                CScreenDevice::GetColumns() const
                0x000000000009fd80                CScreenDevice::GetRows() const
                0x000000000009fdb0                CScreenDevice::GetFrameBuffer()
                0x000000000009fdc0                CScreenDevice::GetStatus()
                0x000000000009fe10                CScreenDevice::SetStatus(TScreenStatus const&)
                0x000000000009ff00                CScreenDevice::Write(void const*, unsigned long)
                0x000000000009ffd0                CScreenDevice::Write(char)
                0x00000000000a0390                CScreenDevice::CarriageReturn()
                0x00000000000a03a0                CScreenDevice::ClearDisplayEnd()
                0x00000000000a0450                CScreenDevice::ClearLineEnd()
                0x00000000000a04b0                CScreenDevice::CursorDown()
                0x00000000000a0520                CScreenDevice::CursorHome()
                0x00000000000a0530                CScreenDevice::CursorLeft()
                0x00000000000a05e0                CScreenDevice::CursorMove(unsigned int, unsigned int)
                0x00000000000a0660                CScreenDevice::CursorRight()
                0x00000000000a06b0                CScreenDevice::CursorUp()
                0x00000000000a0700                CScreenDevice::DeleteChars(unsigned int)
                0x00000000000a0710                CScreenDevice::DeleteLines(unsigned int)
                0x00000000000a0720                CScreenDevice::DisplayChar(char)
                0x00000000000a0760                CScreenDevice::EraseChars(unsigned int)
                0x00000000000a0770                CScreenDevice::InsertLines(unsigned int)
                0x00000000000a0780                CScreenDevice::InsertMode(bool)
                0x00000000000a0790                CScreenDevice::NewLine()
                0x00000000000a07a0                CScreenDevice::ReverseScroll()
                0x00000000000a07b0                CScreenDevice::SetCursorMode(bool)
                0x00000000000a07c0                CScreenDevice::SetScrollRegion(unsigned int, unsigned int)
                0x00000000000a0850                CScreenDevice::SetStandoutMode(unsigned int)
                0x00000000000a0890                CScreenDevice::Tabulator()
                0x00000000000a08f0                CScreenDevice::Scroll()
                0x00000000000a09e0                CScreenDevice::DisplayChar(char, unsigned int, unsigned int, unsigned short)
                0x00000000000a0ad0                CScreenDevice::EraseChar(unsigned int, unsigned int)
                0x00000000000a0b90                CScreenDevice::InvertCursor()
                0x00000000000a0ba0                CScreenDevice::SetPixel(unsigned int, unsigned int, unsigned short)
                0x00000000000a0bd0                CScreenDevice::GetPixel(unsigned int, unsigned int)
                0x00000000000a0c10                CScreenDevice::Rotor(unsigned int, unsigned int)
 *fill*         0x00000000000a0dd4        0xc 
 .text          0x00000000000a0de0      0xf58 ../../lib/libcircle.a(serial.o)
                0x00000000000a0de0                CSerialDevice::CSerialDevice(CInterruptSystem*, bool, unsigned int)
                0x00000000000a0de0                CSerialDevice::CSerialDevice(CInterruptSystem*, bool, unsigned int)
                0x00000000000a0fd0                CSerialDevice::~CSerialDevice()
                0x00000000000a0fd0                CSerialDevice::~CSerialDevice()
                0x00000000000a1120                CSerialDevice::~CSerialDevice()
                0x00000000000a1150                CSerialDevice::Initialize(unsigned int)
                0x00000000000a13c0                CSerialDevice::Write(void const*, unsigned long)
                0x00000000000a1580                CSerialDevice::Read(void*, unsigned long)
                0x00000000000a1700                CSerialDevice::GetOptions() const
                0x00000000000a1710                CSerialDevice::SetOptions(unsigned int)
                0x00000000000a1720                CSerialDevice::RegisterMagicReceivedHandler(char const*, void (*)())
                0x00000000000a17c0                CSerialDevice::AvailableForWrite()
                0x00000000000a1870                CSerialDevice::AvailableForRead()
                0x00000000000a1920                CSerialDevice::Peek()
                0x00000000000a19f0                CSerialDevice::Flush()
                0x00000000000a1a10                CSerialDevice::Write(unsigned char)
                0x00000000000a1b10                CSerialDevice::InterruptHandler()
                0x00000000000a1cb0                CSerialDevice::InterruptStub(void*)
 *fill*         0x00000000000a1d38        0x8 
 .text          0x00000000000a1d40     0x1728 ../../lib/libcircle.a(string.o)
                0x00000000000a1d40                CString::~CString()
                0x00000000000a1d40                CString::~CString()
                0x00000000000a1d60                CString::~CString()
                0x00000000000a1e30                CString::CString()
                0x00000000000a1e30                CString::CString()
                0x00000000000a1e50                CString::CString(char const*)
                0x00000000000a1e50                CString::CString(char const*)
                0x00000000000a1ea0                CString::operator char const*() const
                0x00000000000a1ec0                CString::operator=(char const*)
                0x00000000000a1f10                CString::operator=(CString const&)
                0x00000000000a1f80                CString::GetLength() const
                0x00000000000a1fa0                CString::Append(char const*)
                0x00000000000a2050                CString::Compare(char const*) const
                0x00000000000a2060                CString::Find(char) const
                0x00000000000a20a0                CString::PutChar(char, unsigned long)
                0x00000000000a2100                CString::PutString(char const*)
                0x00000000000a2160                CString::Replace(char const*, char const*)
                0x00000000000a2310                CString::ReserveSpace(unsigned long)
                0x00000000000a2320                CString::ntoa(char*, unsigned long, unsigned int, bool)
                0x00000000000a23c0                CString::lltoa(char*, unsigned long long, unsigned int, bool)
                0x00000000000a2460                CString::ftoa(char*, double, unsigned int)
                0x00000000000a26d0                CString::FormatV(char const*, std::__va_list)
                0x00000000000a33f0                CString::Format(char const*, ...)
 *fill*         0x00000000000a3468        0x8 
 .text          0x00000000000a3470      0x14c ../../lib/libcircle.a(sysinit.o)
                0x00000000000a3470                __aeabi_atexit
                0x00000000000a3480                __cxa_atexit
                0x00000000000a3490                __errno
                0x00000000000a34a0                set_qemu_exit_status
                0x00000000000a34b0                halt
                0x00000000000a34d0                reboot
                0x00000000000a3500                sysinit
 *fill*         0x00000000000a35bc        0x4 
 .text          0x00000000000a35c0      0xed0 ../../lib/libcircle.a(timer.o)
                0x00000000000a3610                CTimer::CTimer(CInterruptSystem*)
                0x00000000000a3610                CTimer::CTimer(CInterruptSystem*)
                0x00000000000a3690                CTimer::~CTimer()
                0x00000000000a3690                CTimer::~CTimer()
                0x00000000000a3790                CTimer::SetTimeZone(int)
                0x00000000000a37c0                CTimer::GetTimeZone() const
                0x00000000000a37d0                CTimer::SetTime(unsigned int, bool)
                0x00000000000a3870                CTimer::GetClockTicks()
                0x00000000000a3890                CTimer::GetTicks() const
                0x00000000000a38a0                CTimer::GetUptime() const
                0x00000000000a38b0                CTimer::GetTime() const
                0x00000000000a38c0                CTimer::GetLocalTime(unsigned int*, unsigned int*)
                0x00000000000a3990                CTimer::GetUniversalTime() const
                0x00000000000a39b0                CTimer::GetUniversalTime(unsigned int*, unsigned int*)
                0x00000000000a3ab0                CTimer::GetTimeString()
                0x00000000000a3cc0                CTimer::StartKernelTimer(unsigned int, void (*)(unsigned long, void*, void*), void*, void*)
                0x00000000000a3e20                CTimer::CancelKernelTimer(unsigned long)
                0x00000000000a3ef0                CTimer::PollKernelTimers()
                0x00000000000a4050                CTimer::InterruptHandler()
                0x00000000000a4140                CTimer::InterruptHandler(void*)
                0x00000000000a4170                CTimer::TuneMsDelay()
                0x00000000000a4220                CTimer::Initialize()
                0x00000000000a4300                CTimer::RegisterPeriodicHandler(void (*)())
                0x00000000000a4370                CTimer::SimpleMsDelay(unsigned int)
                0x00000000000a4390                CTimer::SimpleusDelay(unsigned int)
                0x00000000000a43a0                CTimer::IsLeapYear(unsigned int)
                0x00000000000a43f0                CTimer::GetDaysOfMonth(unsigned int, unsigned int)
                0x00000000000a4460                CTimer::Get()
 .text          0x00000000000a4490      0x868 ../../lib/libcircle.a(util.o)
                0x00000000000a4490                memset
                0x00000000000a4500                memmove
                0x00000000000a4540                memcmp
                0x00000000000a4590                strlen
                0x00000000000a45c0                strcmp
                0x00000000000a4620                strcasecmp
                0x00000000000a46c0                strncmp
                0x00000000000a4720                strncasecmp
                0x00000000000a47d0                strcpy
                0x00000000000a4800                strncpy
                0x00000000000a4830                strcat
                0x00000000000a4870                strchr
                0x00000000000a48a0                strstr
                0x00000000000a4900                strtok_r
                0x00000000000a49b0                strtoul
                0x00000000000a4b40                strtoull
                0x00000000000a4cd0                atoi
                0x00000000000a4cf0                char2int
 .text          0x00000000000a4cf8       0x60 ../../lib/libcircle.a(util_fast.o)
                0x00000000000a4cf8                memcpy
 *fill*         0x00000000000a4d58        0x8 
 .text          0x00000000000a4d60      0x2c0 ../../lib/libcircle.a(virtualgpiopin.o)
                0x00000000000a4d60                CVirtualGPIOPin::CVirtualGPIOPin(unsigned int, bool)
                0x00000000000a4d60                CVirtualGPIOPin::CVirtualGPIOPin(unsigned int, bool)
                0x00000000000a4ea0                CVirtualGPIOPin::~CVirtualGPIOPin()
                0x00000000000a4ea0                CVirtualGPIOPin::~CVirtualGPIOPin()
                0x00000000000a4eb0                CVirtualGPIOPin::~CVirtualGPIOPin()
                0x00000000000a4ec0                CVirtualGPIOPin::Write(unsigned int)
                0x00000000000a4ff0                CVirtualGPIOPin::Invert()
 .text.startup  0x00000000000a5020        0xc ../../lib/libcircle.a(virtualgpiopin.o)
 *fill*         0x00000000000a502c        0x4 
 .text          0x00000000000a5030       0xf0 ../../lib/libcircle.a(chainboot.o)
                0x00000000000a5090                EnableChainBoot
                0x00000000000a50e0                IsChainBootEnabled
                0x00000000000a5100                DoChainBoot
 .text          0x00000000000a5120      0x2c4 ../../lib/libcircle.a(macaddress.o)
                0x00000000000a5120                CMACAddress::CMACAddress()
                0x00000000000a5120                CMACAddress::CMACAddress()
                0x00000000000a5130                CMACAddress::~CMACAddress()
                0x00000000000a5130                CMACAddress::~CMACAddress()
                0x00000000000a5140                CMACAddress::operator==(CMACAddress const&) const
                0x00000000000a51b0                CMACAddress::operator!=(CMACAddress const&) const
                0x00000000000a51d0                CMACAddress::Set(unsigned char const*)
                0x00000000000a5220                CMACAddress::CMACAddress(unsigned char const*)
                0x00000000000a5220                CMACAddress::CMACAddress(unsigned char const*)
                0x00000000000a5230                CMACAddress::SetBroadcast()